stm32f4xx_flash.c:381:13:check_errors	8	static
stm32f4xx_flash.c:445:13:process_command	24	static
stm32f4xx_flash.c:648:13:strTransmit	16	static
stm32f4xx_flash.c:679:6:FLASH_USART1_GPIO_Config	4	static
stm32f4xx_flash.c:704:6:FLASH_USART1_TX_DMA_Config	4	static
stm32f4xx_flash.c:757:6:FLASH_USART1_RX_DMA_Config	4	static
stm32f4xx_flash.c:821:6:FLASH_USART1_Init	4	static
stm32f4xx_flash.c:844:6:FLASH_USART1_Enable	4	static
stm32f4xx_flash.c:876:6:FLASH_USART1_IRQ_Callback	4	static
stm32f4xx_flash.c:899:6:FLASH_USART1_TX_DMA_IRQ_Callback	4	static
stm32f4xx_flash.c:920:6:FLASH_USART1_RX_DMA_IRQ_Callback	16	static
stm32f4xx_flash.c:953:6:FLASH_Init	4	static
stm32f4xx_flash.c:975:6:FLASH_Main	8	static
stm32f4xx_flash.c:1042:6:FLASH_SetLatency	16	static
stm32f4xx_flash.c:1057:6:FLASH_PrefetchBufferCmd	16	static
stm32f4xx_flash.c:1079:6:FLASH_InstructionCacheCmd	16	static
stm32f4xx_flash.c:1100:6:FLASH_DataCacheCmd	16	static
stm32f4xx_flash.c:1121:6:FLASH_InstructionCacheReset	4	static
stm32f4xx_flash.c:1132:6:FLASH_DataCacheReset	4	static
stm32f4xx_flash.c:1179:6:FLASH_Unlock	4	static
stm32f4xx_flash.c:1194:6:FLASH_Lock	4	static
stm32f4xx_flash.c:1231:14:FLASH_EraseSector	24	static
stm32f4xx_flash.c:1299:14:FLASH_EraseAllSectors	24	static
stm32f4xx_flash.c:1380:14:FLASH_EraseAllBank1Sectors	24	static
stm32f4xx_flash.c:1447:14:FLASH_EraseAllBank2Sectors	24	static
stm32f4xx_flash.c:1504:14:FLASH_ProgramDoubleWord	40	static
stm32f4xx_flash.c:1547:14:FLASH_ProgramWord	24	static
stm32f4xx_flash.c:1589:14:FLASH_ProgramHalfWord	24	static
stm32f4xx_flash.c:1631:14:FLASH_ProgramByte	24	static
stm32f4xx_flash.c:1730:6:FLASH_OB_Unlock	4	static
stm32f4xx_flash.c:1745:6:FLASH_OB_Lock	4	static
stm32f4xx_flash.c:1768:6:FLASH_OB_WRPConfig	24	static
stm32f4xx_flash.c:1810:6:FLASH_OB_WRP1Config	24	static
stm32f4xx_flash.c:1860:6:FLASH_OB_PCROPSelectionConfig	24	static
stm32f4xx_flash.c:1890:6:FLASH_OB_PCROPConfig	24	static
stm32f4xx_flash.c:1927:6:FLASH_OB_PCROP1Config	24	static
stm32f4xx_flash.c:1963:6:FLASH_OB_RDPConfig	24	static
stm32f4xx_flash.c:1995:6:FLASH_OB_UserConfig	24	static
stm32f4xx_flash.c:2036:6:FLASH_OB_BootConfig	16	static
stm32f4xx_flash.c:2057:6:FLASH_OB_BORConfig	16	static
stm32f4xx_flash.c:2074:14:FLASH_OB_Launch	16	static
stm32f4xx_flash.c:2093:9:FLASH_OB_GetUser	4	static
stm32f4xx_flash.c:2104:10:FLASH_OB_GetWRP	4	static
stm32f4xx_flash.c:2118:10:FLASH_OB_GetWRP1	4	static
stm32f4xx_flash.c:2132:10:FLASH_OB_GetPCROP	4	static
stm32f4xx_flash.c:2146:10:FLASH_OB_GetPCROP1	4	static
stm32f4xx_flash.c:2159:12:FLASH_OB_GetRDP	16	static
stm32f4xx_flash.c:2183:9:FLASH_OB_GetBOR	4	static
stm32f4xx_flash.c:2212:6:FLASH_ITConfig	16	static
stm32f4xx_flash.c:2244:12:FLASH_GetFlagStatus	24	static
stm32f4xx_flash.c:2275:6:FLASH_ClearFlag	16	static
stm32f4xx_flash.c:2290:14:FLASH_GetStatus	16	static
stm32f4xx_flash.c:2340:14:FLASH_WaitForLastOperation	16	static
