stm32f4xx_it.c:56:6:NMI_Handler	4	static
stm32f4xx_it.c:65:6:HardFault_Handler	4	static
stm32f4xx_it.c:78:6:MemManage_Handler	4	static
stm32f4xx_it.c:91:6:BusFault_Handler	4	static
stm32f4xx_it.c:104:6:UsageFault_Handler	4	static
stm32f4xx_it.c:117:6:SVC_Handler	4	static
stm32f4xx_it.c:126:6:DebugMon_Handler	4	static
stm32f4xx_it.c:135:6:PendSV_Handler	4	static
stm32f4xx_it.c:144:6:SysTick_Handler	8	static
stm32f4xx_it.c:155:6:EXTI3_IRQHandler	4	static
stm32f4xx_it.c:159:6:DMA2_Stream5_IRQHandler	8	static
stm32f4xx_it.c:163:6:DMA2_Stream7_IRQHandler	8	static
stm32f4xx_it.c:167:6:USART1_IRQHandler	8	static
